Script started on Wed, Mar 25, 2015 10:15:58 AM
]0;~/lab6/myfirst
[32mJeff@JEFFDELL17 [33m~/lab6/myfirst[0m
$ ls
do_git.cmd   githello.cpp  hello.cpp  makefile	     typescript
findme2.txt  githello.exe  hello.exe  myHistory.txt
]0;~/lab6/myfirst
[32mJeff@JEFFDELL17 [33m~/lab6/myfirst[0m
$ ls -a;;[K[K[Kall
total 160
drwx---r-x+ 1 Jeff           Jeff     0 Mar 25 10:15 .
drwx---r-x+ 1 Jeff           Jeff     0 Mar 25 09:24 ..
-rwx---r-x  1 Jeff           Jeff  3679 Mar 25 09:33 .cproject
drwx---r-x+ 1 Jeff           Jeff     0 Mar 25 10:10 .git
-rwx---r-x  1 Jeff           Jeff   832 Mar 25 09:33 .project
drwx---r-x+ 1 Jeff           Jeff     0 Mar 25 09:34 .settings
-rwxr-xr-x  1 Administrators Jeff   179 Mar 25 10:00 do_git.cmd
-rw----r--  1 Jeff           Jeff     0 Mar 25 09:24 findme2.txt
-rw----r--  1 Jeff           Jeff   127 Mar 25 09:45 githello.cpp
-rwx---r-x  1 Jeff           Jeff 67859 Mar 25 09:45 githello.exe
-rw----r--  1 Jeff           Jeff   127 Mar 25 09:43 hello.cpp
-rwx---r-x  1 Jeff           Jeff 67859 Mar 25 09:56 hello.exe
-rw----r--  1 Jeff           Jeff    29 Mar 25 09:39 makefile
-rw----r--  1 Jeff           Jeff  4065 Mar 25 10:12 myHistory.txt
-rw----r--  1 Jeff           Jeff     0 Mar 25 10:15 typescript
]0;~/lab6/myfirst
[32mJeff@JEFFDELL17 [33m~/lab6/myfirst[0m
$ git add .
]0;~/lab6/myfirst
[32mJeff@JEFFDELL17 [33m~/lab6/myfirst[0m
$ git commit
[?1049h[?1h=[1;24r[?12;25h[?12l[?25h[27m[23m[m[H[2J[?25l[24;1H"~/lab6/myfirst/.git/COMMIT_EDITMSG" 10 lines, 289 characters[2;1H# Please enter the commit message for your changes. Lines starting
# with '#' will be ignored, and an empty message aborts the commit.
# On branch master
# Your branch is up-to-date with 'origin/master'.
#
# Changes to be committed:
#[7Cnew file:   myHistory.txt
#[7Cnew file:   typescript
#
[1m[34m~                                                                               [12;1H~                                                                               [13;1H~                                                                               [14;1H~                                                                               [15;1H~                                                                               [16;1H~                                                                               [17;1H~                                                                               [18;1H~                                                                               [19;1H~                                                                               [20;1H~                                                                               [21;1H~                                                                               [22;1H~                                                                               [23;1H~                                                                               [1;1H[?12l[?25h[?25l[my[?12l[?25h[?25le[?12l[?25h[?25lt[?12l[?25h[?25l [?12l[?25h[?25la[?12l[?25h[?25ln[?12l[?25h[?25lo[?12l[?25h[?25lt[?12l[?25h[?25lh[?12l[?25h[?25le[?12l[?25h[?25lr[?12l[?25h[?25l [?12l[?25h[?25lc[?12l[?25h[?25lo[?12l[?25h[?25lm[?12l[?25h[?25lm[?12l[?25h[?25le[?12l[?25h[?25ln[?12l[?25h[?25lt[?12l[?25h[?25l[24;2H.git/COMMIT_EDITMSG" [24;23H[K[24;23H10 lines, 308 characters written
[?1l>[?12l[?25h[?1049l[master fea17c7] yet another comment
 2 files changed, 219 insertions(+)
 create mode 100644 myHistory.txt
 create mode 100644 typescript
]0;~/lab6/myfirst
[32mJeff@JEFFDELL17 [33m~/lab6/myfirst[0m
$ cat do)g[K[K_git.cmd
echo # LAB6B >> README.md
git init
git add README.md
git commit -m "first commit"
git remote add origin https://github.com/jgthompson-okcu/LAB6B.git
git push -u origin master]0;~/lab6/myfirst
[32mJeff@JEFFDELL17 [33m~/lab6/myfirst[0m
$ do_git.cmd
bash: do_git.cmd: command not found
]0;~/lab6/myfirst
[32mJeff@JEFFDELL17 [33m~/lab6/myfirst[0m
$ .\do_git.cmd
bash: .do_git.cmd: command not found
]0;~/lab6/myfirst
[32mJeff@JEFFDELL17 [33m~/lab6/myfirst[0m
$ ./do_git.cmd

C:\cygwin64\home\Jeff\lab6\myfirst>echo # LAB6B  1>>README.md 

C:\cygwin64\home\Jeff\lab6\myfirst>git init 
Reinitialized existing Git repository in /home/Jeff/lab6/myfirst/.git/

C:\cygwin64\home\Jeff\lab6\myfirst>git add README.md 

C:\cygwin64\home\Jeff\lab6\myfirst>git commit -m "first commit" 
[master c76e3b9] first commit
 1 file changed, 1 insertion(+)
 create mode 100755 README.md

C:\cygwin64\home\Jeff\lab6\myfirst>git remote add origin https://github.com/jgthompson-okcu/LAB6B.git 
fatal: remote origin already exists.

C:\cygwin64\home\Jeff\lab6\myfirst>git push -u origin master 
Username for 'https://github.com': 
Password for 'https://jgthompson@okcu.edu@github.com': 
Counting objects: 6, done.
Delta compression using up to 4 threads.
Compressing objects:  20% (1/5)   Compressing objects:  40% (2/5)   Compressing objects:  60% (3/5)   Compressing objects:  80% (4/5)   Compressing objects: 100% (5/5)   Compressing objects: 100% (5/5), done.
Writing objects:  16% (1/6)   Writing objects:  33% (2/6)   Writing objects:  50% (3/6)   Writing objects:  66% (4/6)   Writing objects:  83% (5/6)   Writing objects: 100% (6/6)   Writing objects: 100% (6/6), 1.67 KiB | 0 bytes/s, done.
Total 6 (delta 2), reused 0 (delta 0)
To https://github.com/jgthompson-okcu/LAB6.git
   9abdebc..c76e3b9  master -> master
Branch master set up to track remote branch master from origin.
]0;~/lab6/myfirst
[32mJeff@JEFFDELL17 [33m~/lab6/myfirst[0m
$ 
]0;~/lab6/myfirst
[32mJeff@JEFFDELL17 [33m~/lab6/myfirst[0m
$ ls
do_git.cmd   githello.cpp  hello.cpp  makefile	     README.md
findme2.txt  githello.exe  hello.exe  myHistory.txt  typescript
]0;~/lab6/myfirst
[32mJeff@JEFFDELL17 [33m~/lab6/myfirst[0m
$ cat [K[K[K[Kless typescript
[?1049h[?1h=[K[7mtypescript (END)[27m[K[K [KESCESC[KOO[KBB[K...skipping...
[1m~[0m
[1m~[0m
[1m~[0m
[1m~[0m
[1m~[0m
[1m~[0m
[1m~[0m
[1m~[0m
[1m~[0m
[1m~[0m
[1m~[0m
[1m~[0m
[1m~[0m
[1m~[0m
[1m~[0m
[1m~[0m
[1m~[0m
[1m~[0m
[1m~[0m
[1m~[0m
[1m~[0m
[1m~[0m
[1m~[0m
[7m(END)[27m[K[K [KESCESC[KOO[KAA[K...skipping...
[1m~[0m
[1m~[0m
[1m~[0m
[1m~[0m
[1m~[0m
[1m~[0m
[1m~[0m
[1m~[0m
[1m~[0m
[1m~[0m
[1m~[0m
[1m~[0m
[1m~[0m
[1m~[0m
[1m~[0m
[1m~[0m
[1m~[0m
[1m~[0m
[1m~[0m
[1m~[0m
[1m~[0m
[1m~[0m
[1m~[0m
[7m(END)[27m[K[K [KESCESC[KOO[KAA[K...skipping...
[1m~[0m
[1m~[0m
[1m~[0m
[1m~[0m
[1m~[0m
[1m~[0m
[1m~[0m
[1m~[0m
[1m~[0m
[1m~[0m
[1m~[0m
[1m~[0m
[1m~[0m
[1m~[0m
[1m~[0m
[1m~[0m
[1m~[0m
[1m~[0m
[1m~[0m
[1m~[0m
[1m~[0m
[1m~[0m
[1m~[0m
[7m(END)[27m[K[K [KESCESC[KOO[KAA[K...skipping...
[1m~[0m
[1m~[0m
[1m~[0m
[1m~[0m
[1m~[0m
[1m~[0m
[1m~[0m
[1m~[0m
[1m~[0m
[1m~[0m
[1m~[0m
[1m~[0m
[1m~[0m
[1m~[0m
[1m~[0m
[1m~[0m
[1m~[0m
[1m~[0m
[1m~[0m
[1m~[0m
[1m~[0m
[1m~[0m
[1m~[0m
[7m(END)[27m[K[K [KESCESC[KOO[KAA[K...skipping...
[1m~[0m
[1m~[0m
[1m~[0m
[1m~[0m
[1m~[0m
[1m~[0m
[1m~[0m
[1m~[0m
[1m~[0m
[1m~[0m
[1m~[0m
[1m~[0m
[1m~[0m
[1m~[0m
[1m~[0m
[1m~[0m
[1m~[0m
[1m~[0m
[1m~[0m
[1m~[0m
[1m~[0m
[1m~[0m
[1m~[0m
[7m(END)[27m[K[K [KESCESC[KOO[KAA[K...skipping...
[1m~[0m
[1m~[0m
[1m~[0m
[1m~[0m
[1m~[0m
[1m~[0m
[1m~[0m
[1m~[0m
[1m~[0m
[1m~[0m
[1m~[0m
[1m~[0m
[1m~[0m
[1m~[0m
[1m~[0m
[1m~[0m
[1m~[0m
[1m~[0m
[1m~[0m
[1m~[0m
[1m~[0m
[1m~[0m
[1m~[0m
[7m(END)[27m[K[K [KESCESC[KOO[KAA[K...skipping...
[1m~[0m
[1m~[0m
[1m~[0m
[1m~[0m
[1m~[0m
[1m~[0m
[1m~[0m
[1m~[0m
[1m~[0m
[1m~[0m
[1m~[0m
[1m~[0m
[1m~[0m
[1m~[0m
[1m~[0m
[1m~[0m
[1m~[0m
[1m~[0m
[1m~[0m
[1m~[0m
[1m~[0m
[1m~[0m
[1m~[0m
[7m(END)[27m[K[K [KESCESC[KOO[KAA[K...skipping...
[1m~[0m
[1m~[0m
[1m~[0m
[1m~[0m
[1m~[0m
[1m~[0m
[1m~[0m
[1m~[0m
[1m~[0m
[1m~[0m
[1m~[0m
[1m~[0m
[1m~[0m
[1m~[0m
[1m~[0m
[1m~[0m
[1m~[0m
[1m~[0m
[1m~[0m
[1m~[0m
[1m~[0m
[1m~[0m
[1m~[0m
[7m(END)[27m[K[K [KESCESC[KOO[KAA[K...skipping...
[1m~[0m
[1m~[0m
[1m~[0m
[1m~[0m
[1m~[0m
[1m~[0m
[1m~[0m
[1m~[0m
[1m~[0m
[1m~[0m
[1m~[0m
[1m~[0m
[1m~[0m
[1m~[0m
[1m~[0m
[1m~[0m
[1m~[0m
[1m~[0m
[1m~[0m
[1m~[0m
[1m~[0m
[1m~[0m
[1m~[0m
[7m(END)[27m[K[K [KESCESC[KOO[KAA[K...skipping...
[1m~[0m
[1m~[0m
[1m~[0m
[1m~[0m
[1m~[0m
[1m~[0m
[1m~[0m
[1m~[0m
[1m~[0m
[1m~[0m
[1m~[0m
[1m~[0m
[1m~[0m
[1m~[0m
[1m~[0m
[1m~[0m
[1m~[0m
[1m~[0m
[1m~[0m
[1m~[0m
[1m~[0m
[1m~[0m
[1m~[0m
[7m(END)[27m[K[K [KESCESC[KOO[KAA[K...skipping...
[1m~[0m
[1m~[0m
[1m~[0m
[1m~[0m
[1m~[0m
[1m~[0m
[1m~[0m
[1m~[0m
[1m~[0m
[1m~[0m
[1m~[0m
[1m~[0m
[1m~[0m
[1m~[0m
[1m~[0m
[1m~[0m
[1m~[0m
[1m~[0m
[1m~[0m
[1m~[0m
[1m~[0m
[1m~[0m
[1m~[0m
[7m(END)[27m[K[K [KESCESC[KOO[KAA[K...skipping...
[1m~[0m
[1m~[0m
[1m~[0m
[1m~[0m
[1m~[0m
[1m~[0m
[1m~[0m
[1m~[0m
[1m~[0m
[1m~[0m
[1m~[0m
[1m~[0m
[1m~[0m
[1m~[0m
[1m~[0m
[1m~[0m
[1m~[0m
[1m~[0m
[1m~[0m
[1m~[0m
[1m~[0m
[1m~[0m
[1m~[0m
[7m(END)[27m[K[K [KESCESC[KOO[KAA[K...skipping...
[1m~[0m
[1m~[0m
[1m~[0m
[1m~[0m
[1m~[0m
[1m~[0m
[1m~[0m
[1m~[0m
[1m~[0m
[1m~[0m
[1m~[0m
[1m~[0m
[1m~[0m
[1m~[0m
[1m~[0m
[1m~[0m
[1m~[0m
[1m~[0m
[1m~[0m
[1m~[0m
[1m~[0m
[1m~[0m
[1m~[0m
[7m(END)[27m[K[K [KESCESC[KOO[KAA[K...skipping...
[1m~[0m
[1m~[0m
[1m~[0m
[1m~[0m
[1m~[0m
[1m~[0m
[1m~[0m
[1m~[0m
[1m~[0m
[1m~[0m
[1m~[0m
[1m~[0m
[1m~[0m
[1m~[0m
[1m~[0m
[1m~[0m
[1m~[0m
[1m~[0m
[1m~[0m
[1m~[0m
[1m~[0m
[1m~[0m
[1m~[0m
[7m(END)[27m[K[K [KESCESC[KOO[KAA[K...skipping...
[1m~[0m
[1m~[0m
[1m~[0m
[1m~[0m
[1m~[0m
[1m~[0m
[1m~[0m
[1m~[0m
[1m~[0m
[1m~[0m
[1m~[0m
[1m~[0m
[1m~[0m
[1m~[0m
[1m~[0m
[1m~[0m
[1m~[0m
[1m~[0m
[1m~[0m
[1m~[0m
[1m~[0m
[1m~[0m
[1m~[0m
[7m(END)[27m[K[K [KESCESC[KOO[KAA[K...skipping...
[1m~[0m
[1m~[0m
[1m~[0m
[1m~[0m
[1m~[0m
[1m~[0m
[1m~[0m
[1m~[0m
[1m~[0m
[1m~[0m
[1m~[0m
[1m~[0m
[1m~[0m
[1m~[0m
[1m~[0m
[1m~[0m
[1m~[0m
[1m~[0m
[1m~[0m
[1m~[0m
[1m~[0m
[1m~[0m
[1m~[0m
[7m(END)[27m[K[K [KESCESC[KOO[KAA[K...skipping...
[1m~[0m
[1m~[0m
[1m~[0m
[1m~[0m
[1m~[0m
[1m~[0m
[1m~[0m
[1m~[0m
[1m~[0m
[1m~[0m
[1m~[0m
[1m~[0m
[1m~[0m
[1m~[0m
[1m~[0m
[1m~[0m
[1m~[0m
[1m~[0m
[1m~[0m
[1m~[0m
[1m~[0m
[1m~[0m
[1m~[0m
[7m(END)[27m[K[K [KESCESC[KOO[KAA[K...skipping...
[1m~[0m
[1m~[0m
[1m~[0m
[1m~[0m
[1m~[0m
[1m~[0m
[1m~[0m
[1m~[0m
[1m~[0m
[1m~[0m
[1m~[0m
[1m~[0m
[1m~[0m
[1m~[0m
[1m~[0m
[1m~[0m
[1m~[0m
[1m~[0m
[1m~[0m
[1m~[0m
[1m~[0m
[1m~[0m
[1m~[0m
[7m(END)[27m[K[K [KESCESC[KOO[KAA[K...skipping...
[1m~[0m
[1m~[0m
[1m~[0m
[1m~[0m
[1m~[0m
[1m~[0m
[1m~[0m
[1m~[0m
[1m~[0m
[1m~[0m
[1m~[0m
[1m~[0m
[1m~[0m
[1m~[0m
[1m~[0m
[1m~[0m
[1m~[0m
[1m~[0m
[1m~[0m
[1m~[0m
[1m~[0m
[1m~[0m
[1m~[0m
[7m(END)[27m[K[K [KESCESC[KOO[KAA[K...skipping...
[1m~[0m
[1m~[0m
[1m~[0m
[1m~[0m
[1m~[0m
[1m~[0m
[1m~[0m
[1m~[0m
[1m~[0m
[1m~[0m
[1m~[0m
[1m~[0m
[1m~[0m
[1m~[0m
[1m~[0m
[1m~[0m
[1m~[0m
[1m~[0m
[1m~[0m
[1m~[0m
[1m~[0m
[1m~[0m
[1m~[0m
[7m(END)[27m[K[K [KESCESC[KOO[KAA[K...skipping...
[1m~[0m
[1m~[0m
[1m~[0m
[1m~[0m
[1m~[0m
[1m~[0m
[1m~[0m
[1m~[0m
[1m~[0m
[1m~[0m
[1m~[0m
[1m~[0m
[1m~[0m
[1m~[0m
[1m~[0m
[1m~[0m
[1m~[0m
[1m~[0m
[1m~[0m
[1m~[0m
[1m~[0m
[1m~[0m
[1m~[0m
[7m(END)[27m[K[K [KESCESC[KOO[KAA[K...skipping...
[1m~[0m
[1m~[0m
[1m~[0m
[1m~[0m
[1m~[0m
[1m~[0m
[1m~[0m
[1m~[0m
[1m~[0m
[1m~[0m
[1m~[0m
[1m~[0m
[1m~[0m
[1m~[0m
[1m~[0m
[1m~[0m
[1m~[0m
[1m~[0m
[1m~[0m
[1m~[0m
[1m~[0m
[1m~[0m
[1m~[0m
[7m(END)[27m[K[K [KESCESC[KOO[KAA[K...skipping...
[1m~[0m
[1m~[0m
[1m~[0m
[1m~[0m
[1m~[0m
[1m~[0m
[1m~[0m
[1m~[0m
[1m~[0m
[1m~[0m
[1m~[0m
[1m~[0m
[1m~[0m
[1m~[0m
[1m~[0m
[1m~[0m
[1m~[0m
[1m~[0m
[1m~[0m
[1m~[0m
[1m~[0m
[1m~[0m
[1m~[0m
[7m(END)[27m[K[K [KESCESC[KESCESC...skipping...
[1m~[0m
[1m~[0m
[1m~[0m
[1m~[0m
[1m~[0m
[1m~[0m
[1m~[0m
[1m~[0m
[1m~[0m
[1m~[0m
[1m~[0m
[1m~[0m
[1m~[0m
[1m~[0m
[1m~[0m
[1m~[0m
[1m~[0m
[1m~[0m
[1m~[0m
[1m~[0m
[1m~[0m
[1m~[0m
[1m~[0m
[7m(END)[27m[K[K [KESCESC[KESCESC...skipping...
[1m~[0m
[1m~[0m
[1m~[0m
[1m~[0m
[1m~[0m
[1m~[0m
[1m~[0m
[1m~[0m
[1m~[0m
[1m~[0m
[1m~[0m
[1m~[0m
[1m~[0m
[1m~[0m
[1m~[0m
[1m~[0m
[1m~[0m
[1m~[0m
[1m~[0m
[1m~[0m
[1m~[0m
[1m~[0m
[1m~[0m
[7m(END)[27m[K[K...skipping...
[1m~[0m
[1m~[0m
[1m~[0m
[1m~[0m
[1m~[0m
[1m~[0m
[1m~[0m
[1m~[0m
[1m~[0m
[1m~[0m
[1m~[0m
[1m~[0m
[1m~[0m
[1m~[0m
[1m~[0m
[1m~[0m
[1m~[0m
[1m~[0m
[1m~[0m
[1m~[0m
[1m~[0m
[1m~[0m
[1m~[0m
[7m(END)[27m[K[K [KESCESC[K^J^J...skipping...
[1m~[0m
[1m~[0m
[1m~[0m
[1m~[0m
[1m~[0m
[1m~[0m
[1m~[0m
[1m~[0m
[1m~[0m
[1m~[0m
[1m~[0m
[1m~[0m
[1m~[0m
[1m~[0m
[1m~[0m
[1m~[0m
[1m~[0m
[1m~[0m
[1m~[0m
[1m~[0m
[1m~[0m
[1m~[0m
[1m~[0m
[7m(END)[27m[K[K[?1l>[?1049l]0;~/lab6/myfirst
[32mJeff@JEFFDELL17 [33m~/lab6/myfirst[0m
$ exit

Script done on Wed, Mar 25, 2015 10:19:09 AM
